<html>
<body>
<pre>
<h1>礦ision Build Log</h1>
<h2>Tool Versions:</h2>
IDE-Version: μVision V5.18a
Copyright (C) 2016 ARM Ltd and ARM Germany GmbH. All rights reserved.
License Information: 1 11, 1, LIC=LJWII-T9SPD-ZDYK6-D3SHV-BUKX5-E24TX
 
Tool Versions:
Toolchain:       MDK-ARM Professional  Version: 5.18a
Toolchain Path:  C:\Keil_v5\ARM\ARMCC\Bin
C Compiler:      Armcc.exe V5.06 update 1 (build 61)
Assembler:       Armasm.exe V5.06 update 1 (build 61)
Linker/Locator:  ArmLink.exe V5.06 update 1 (build 61)
Library Manager: ArmAr.exe V5.06 update 1 (build 61)
Hex Converter:   FromElf.exe V5.06 update 1 (build 61)
CPU DLL:         SARMCM3.DLL V5.18a
Dialog DLL:      DCM.DLL V1.13.6.0
Target DLL:      STLink\ST-LINKIII-KEIL_SWO.dll V2.0.18.0
Dialog DLL:      TCM.DLL V1.14.8.0
 
<h2>Project:</h2>
D:\单片机开发\购买模块资料\2.13inch墨水屏\2.13inch_e-Paper_HAT-code\stm32\MDK-ARM\epd2in13-demo.uvprojx
Project File Date:  11/12/2018

<h2>Output:</h2>
*** Using Compiler 'V5.06 update 1 (build 61)', folder: 'C:\Keil_v5\ARM\ARMCC\Bin'
Build target 'epd2in13-demo'
compiling main.c...
../Src/main.c(84): warning:  #177-D: variable "time_string" was declared but never referenced
    char time_string[] = {'0', '0', ':', '0', '0', '\0'};
../Src/main.c(85): warning:  #550-D: variable "time_start_ms" was set but never used
    unsigned long time_start_ms;
../Src/main.c(86): warning:  #177-D: variable "time_now_s" was declared but never referenced
    unsigned long time_now_s;
../Src/main.c: 3 warnings, 0 errors
linking...
Program Size: Code=6944 RO-data=1464 RW-data=56 ZI-data=5304  
FromELF: creating hex file...
"epd2in13-demo\epd2in13-demo.axf" - 0 Error(s), 3 Warning(s).

<h2>Software Packages used:</h2>

Package Vendor: ARM
                http://www.keil.com/pack/ARM.CMSIS.4.5.0.pack
                ARM::CMSIS:CORE:4.3.0
                CMSIS (Cortex Microcontroller Software Interface Standard)
   * Component: CORE Version: 4.3.0

<h2>Collection of Component include folders:</h2>
  D:\单片机开发\购买模块资料\2.13inch墨水屏\2.13inch_e-Paper_HAT-code\stm32\MDK-ARM\RTE
  C:\Keil_v5\ARM\PACK\ARM\CMSIS\4.5.0\CMSIS\Include
  C:\Keil_v5\ARM\PACK\Keil\STM32F1xx_DFP\2.0.0\Device\Include

<h2>Collection of Component Files used:</h2>

   * Component: ARM::CMSIS:CORE:4.3.0
Build Time Elapsed:  00:00:02
</pre>
</body>
</html>
